// Jest Snapshot v1, https://goo.gl/fbAQLP

exports[`renders correctly 1`] = `
<div>
  <h1>
    Product Detail Component
  </h1>
  <h1>
    Related Items Component
  </h1>
  <h1>
    Q&A Component
  </h1>
  <h1>
    Review Component
  </h1>
</div>
`;
