// Jest Snapshot v1, https://goo.gl/fbAQLP

exports[`Reviews Component renders correctly 1`] = `
<h1>
  Review Component
</h1>
`;
